Archive member included to satisfy reference by file (symbol)

c:/program files/microchip/xc8/v2.31/avr/bin/../lib/gcc/avr/5.4.0/avr5/memx-const\libgcc.a(_exit.o)
                              C:/Program Files (x86)/Atmel/Studio/7.0/Packs/atmel/ATmega_DFP/1.6.364/xc8/avr/lib/avr5/memx-const/crtatmega328p.o (exit)
c:/program files/microchip/xc8/v2.31/avr/bin/../lib/gcc/avr/5.4.0/avr5/memx-const\libgcc.a(_copy_data.o)
                              main.o (__do_copy_data)

Allocating common symbols
Common symbol       size              file

g_MotorPulses       0x2               main.o
g_UartTimer         0x2               main.o
g_Timer0            0x2               main.o
g_MotorTimer        0x2               main.o
g_PowerLEDState     0x1               main.o
g_MotorPulseTimer   0x2               main.o
g_INT0              0x1               main.o
g_MotorPosition     0x2               main.o
g_BlinkTimer        0x2               main.o
g_AmbientLEDState   0x1               main.o
g_LedState          0x1               main.o
g_State             0x1               main.o
g_Delay             0x2               main.o
g_ButtonPressed     0x1               main.o
g_RFState           0x1               main.o

Discarded input sections

 .data          0x0000000000000000        0x0 C:/Program Files (x86)/Atmel/Studio/7.0/Packs/atmel/ATmega_DFP/1.6.364/xc8/avr/lib/avr5/memx-const/crtatmega328p.o
 .bss           0x0000000000000000        0x0 C:/Program Files (x86)/Atmel/Studio/7.0/Packs/atmel/ATmega_DFP/1.6.364/xc8/avr/lib/avr5/memx-const/crtatmega328p.o
 .text          0x0000000000000000        0x0 GPIO.o
 .data          0x0000000000000000        0x0 GPIO.o
 .bss           0x0000000000000000        0x0 GPIO.o
 .text.ControlMotorDirection
                0x0000000000000000       0x42 GPIO.o
 .text.ToggleAmbientLED
                0x0000000000000000       0x22 GPIO.o
 .text.TogglePowerLED
                0x0000000000000000       0x22 GPIO.o
 .text.StatusPowerButton
                0x0000000000000000       0x28 GPIO.o
 .text          0x0000000000000000        0x0 inithw.o
 .data          0x0000000000000000        0x0 inithw.o
 .bss           0x0000000000000000        0x0 inithw.o
 .text          0x0000000000000000        0x0 Interrupts.o
 .data          0x0000000000000000        0x0 Interrupts.o
 .bss           0x0000000000000000        0x0 Interrupts.o
 .bss.g_SyncStatus
                0x0000000000000000        0x1 Interrupts.o
 .bss.g_ZeroCounter
                0x0000000000000000        0x1 Interrupts.o
 .bss.g_DataSync
                0x0000000000000000        0x1 Interrupts.o
 .text          0x0000000000000000        0x0 main.o
 .data          0x0000000000000000        0x0 main.o
 .bss           0x0000000000000000        0x0 main.o
 .text          0x0000000000000000        0x0 Timers.o
 .data          0x0000000000000000        0x0 Timers.o
 .bss           0x0000000000000000        0x0 Timers.o
 .text.InitTimer1
                0x0000000000000000       0x3a Timers.o
 .text.StartTimer2
                0x0000000000000000       0x20 Timers.o
 .text.StopTimer2
                0x0000000000000000       0x18 Timers.o
 .text          0x0000000000000000        0x0 c:/program files/microchip/xc8/v2.31/avr/bin/../lib/gcc/avr/5.4.0/avr5/memx-const\libgcc.a(_exit.o)
 .data          0x0000000000000000        0x0 c:/program files/microchip/xc8/v2.31/avr/bin/../lib/gcc/avr/5.4.0/avr5/memx-const\libgcc.a(_exit.o)
 .bss           0x0000000000000000        0x0 c:/program files/microchip/xc8/v2.31/avr/bin/../lib/gcc/avr/5.4.0/avr5/memx-const\libgcc.a(_exit.o)
 .text.libgcc.mul
                0x0000000000000000        0x0 c:/program files/microchip/xc8/v2.31/avr/bin/../lib/gcc/avr/5.4.0/avr5/memx-const\libgcc.a(_exit.o)
 .text.libgcc.div
                0x0000000000000000        0x0 c:/program files/microchip/xc8/v2.31/avr/bin/../lib/gcc/avr/5.4.0/avr5/memx-const\libgcc.a(_exit.o)
 .text.libgcc   0x0000000000000000        0x0 c:/program files/microchip/xc8/v2.31/avr/bin/../lib/gcc/avr/5.4.0/avr5/memx-const\libgcc.a(_exit.o)
 .text.libgcc.prologue
                0x0000000000000000        0x0 c:/program files/microchip/xc8/v2.31/avr/bin/../lib/gcc/avr/5.4.0/avr5/memx-const\libgcc.a(_exit.o)
 .text.libgcc.builtins
                0x0000000000000000        0x0 c:/program files/microchip/xc8/v2.31/avr/bin/../lib/gcc/avr/5.4.0/avr5/memx-const\libgcc.a(_exit.o)
 .text.libgcc.fmul
                0x0000000000000000        0x0 c:/program files/microchip/xc8/v2.31/avr/bin/../lib/gcc/avr/5.4.0/avr5/memx-const\libgcc.a(_exit.o)
 .text.libgcc.fixed
                0x0000000000000000        0x0 c:/program files/microchip/xc8/v2.31/avr/bin/../lib/gcc/avr/5.4.0/avr5/memx-const\libgcc.a(_exit.o)
 .text          0x0000000000000000        0x0 c:/program files/microchip/xc8/v2.31/avr/bin/../lib/gcc/avr/5.4.0/avr5/memx-const\libgcc.a(_copy_data.o)
 .data          0x0000000000000000        0x0 c:/program files/microchip/xc8/v2.31/avr/bin/../lib/gcc/avr/5.4.0/avr5/memx-const\libgcc.a(_copy_data.o)
 .bss           0x0000000000000000        0x0 c:/program files/microchip/xc8/v2.31/avr/bin/../lib/gcc/avr/5.4.0/avr5/memx-const\libgcc.a(_copy_data.o)
 .text.libgcc.mul
                0x0000000000000000        0x0 c:/program files/microchip/xc8/v2.31/avr/bin/../lib/gcc/avr/5.4.0/avr5/memx-const\libgcc.a(_copy_data.o)
 .text.libgcc.div
                0x0000000000000000        0x0 c:/program files/microchip/xc8/v2.31/avr/bin/../lib/gcc/avr/5.4.0/avr5/memx-const\libgcc.a(_copy_data.o)
 .text.libgcc   0x0000000000000000        0x0 c:/program files/microchip/xc8/v2.31/avr/bin/../lib/gcc/avr/5.4.0/avr5/memx-const\libgcc.a(_copy_data.o)
 .text.libgcc.prologue
                0x0000000000000000        0x0 c:/program files/microchip/xc8/v2.31/avr/bin/../lib/gcc/avr/5.4.0/avr5/memx-const\libgcc.a(_copy_data.o)
 .text.libgcc.builtins
                0x0000000000000000        0x0 c:/program files/microchip/xc8/v2.31/avr/bin/../lib/gcc/avr/5.4.0/avr5/memx-const\libgcc.a(_copy_data.o)
 .text.libgcc.fmul
                0x0000000000000000        0x0 c:/program files/microchip/xc8/v2.31/avr/bin/../lib/gcc/avr/5.4.0/avr5/memx-const\libgcc.a(_copy_data.o)
 .text.libgcc.fixed
                0x0000000000000000        0x0 c:/program files/microchip/xc8/v2.31/avr/bin/../lib/gcc/avr/5.4.0/avr5/memx-const\libgcc.a(_copy_data.o)

Memory Configuration

Name             Origin             Length             Attributes
text             0x0000000000000000 0x0000000000008000 xr
data             0x0000000000800100 0x0000000000000800 rw !x
eeprom           0x0000000000810000 0x0000000000000400 rw !x
fuse             0x0000000000820000 0x0000000000000003 rw !x
lock             0x0000000000830000 0x0000000000000400 rw !x
signature        0x0000000000840000 0x0000000000000400 rw !x
user_signatures  0x0000000000850000 0x0000000000000400 rw !x
*default*        0x0000000000000000 0xffffffffffffffff

Linker script and memory map

Address of section .data set to 0x800100
LOAD C:/Program Files (x86)/Atmel/Studio/7.0/Packs/atmel/ATmega_DFP/1.6.364/xc8/avr/lib/avr5/memx-const/crtatmega328p.o
LOAD GPIO.o
LOAD inithw.o
LOAD Interrupts.o
LOAD main.o
LOAD Timers.o
START GROUP
LOAD c:/program files/microchip/xc8/v2.31/avr/bin/../lib/gcc/avr/5.4.0/../../../../avr/lib/avr5/memx-const\libm.a
END GROUP
START GROUP
LOAD c:/program files/microchip/xc8/v2.31/avr/bin/../lib/gcc/avr/5.4.0/avr5/memx-const\libgcc.a
LOAD c:/program files/microchip/xc8/v2.31/avr/bin/../lib/gcc/avr/5.4.0/../../../../avr/lib/avr5/memx-const\libm.a
LOAD c:/program files/microchip/xc8/v2.31/avr/bin/../lib/gcc/avr/5.4.0/../../../../avr/lib/avr5/memx-const\libc.a
LOAD C:/Program Files (x86)/Atmel/Studio/7.0/Packs/atmel/ATmega_DFP/1.6.364/xc8/avr/lib/avr5/memx-const\libatmega328p.a
END GROUP
                0x0000000000000000                __TEXT_REGION_ORIGIN__ = DEFINED (__TEXT_REGION_ORIGIN__)?__TEXT_REGION_ORIGIN__:0x0
                [0x0000000000800100]                __DATA_REGION_ORIGIN__ = DEFINED (__DATA_REGION_ORIGIN__)?__DATA_REGION_ORIGIN__:0x800060
                [0x0000000000008000]                __TEXT_REGION_LENGTH__ = DEFINED (__TEXT_REGION_LENGTH__)?__TEXT_REGION_LENGTH__:0x20000
                [0x0000000000000800]                __DATA_REGION_LENGTH__ = DEFINED (__DATA_REGION_LENGTH__)?__DATA_REGION_LENGTH__:0xffa0
                [0x0000000000000400]                __EEPROM_REGION_LENGTH__ = DEFINED (__EEPROM_REGION_LENGTH__)?__EEPROM_REGION_LENGTH__:0x10000
                [0x0000000000000003]                __FUSE_REGION_LENGTH__ = DEFINED (__FUSE_REGION_LENGTH__)?__FUSE_REGION_LENGTH__:0x400
                0x0000000000000400                __LOCK_REGION_LENGTH__ = DEFINED (__LOCK_REGION_LENGTH__)?__LOCK_REGION_LENGTH__:0x400
                0x0000000000000400                __SIGNATURE_REGION_LENGTH__ = DEFINED (__SIGNATURE_REGION_LENGTH__)?__SIGNATURE_REGION_LENGTH__:0x400
                0x0000000000000400                __USER_SIGNATURE_REGION_LENGTH__ = DEFINED (__USER_SIGNATURE_REGION_LENGTH__)?__USER_SIGNATURE_REGION_LENGTH__:0x400

.hash
 *(.hash)

.dynsym
 *(.dynsym)

.dynstr
 *(.dynstr)

.gnu.version
 *(.gnu.version)

.gnu.version_d
 *(.gnu.version_d)

.gnu.version_r
 *(.gnu.version_r)

.rel.init
 *(.rel.init)

.rela.init
 *(.rela.init)

.rel.text
 *(.rel.text)
 *(.rel.text.*)
 *(.rel.gnu.linkonce.t*)

.rela.text
 *(.rela.text)
 *(.rela.text.*)
 *(.rela.gnu.linkonce.t*)

.rel.fini
 *(.rel.fini)

.rela.fini
 *(.rela.fini)

.rel.rodata
 *(.rel.rodata)
 *(.rel.rodata.*)
 *(.rel.gnu.linkonce.r*)

.rela.rodata
 *(.rela.rodata)
 *(.rela.rodata.*)
 *(.rela.gnu.linkonce.r*)

.rel.data
 *(.rel.data)
 *(.rel.data.*)
 *(.rel.gnu.linkonce.d*)

.rela.data
 *(.rela.data)
 *(.rela.data.*)
 *(.rela.gnu.linkonce.d*)

.rel.ctors
 *(.rel.ctors)

.rela.ctors
 *(.rela.ctors)

.rel.dtors
 *(.rel.dtors)

.rela.dtors
 *(.rela.dtors)

.rel.got
 *(.rel.got)

.rela.got
 *(.rela.got)

.rel.bss
 *(.rel.bss)

.rela.bss
 *(.rela.bss)

.rel.plt
 *(.rel.plt)

.rela.plt
 *(.rela.plt)

.text           0x0000000000000000       0xc8
 *(.vectors)
 .vectors       0x0000000000000000       0x68 C:/Program Files (x86)/Atmel/Studio/7.0/Packs/atmel/ATmega_DFP/1.6.364/xc8/avr/lib/avr5/memx-const/crtatmega328p.o
                0x0000000000000000                __vector_default
                0x0000000000000000                __vectors
 *(.vectors)
 *(.progmem.gcc*)
 *(.dinit)
 .dinit         0x0000000000000068        0xc data_init
                0x0000000000000074                . = ALIGN (0x2)
 *fill*         0x0000000000000074        0x0 
                0x0000000000000074                __trampolines_start = .
 *(.trampolines)
 .trampolines   0x0000000000000074        0x0 linker stubs
 *(.trampolines*)
                0x0000000000000074                __trampolines_end = .
 *libprintf_flt.a:*(.progmem.data)
 *libc.a:*(.progmem.data)
                0x0000000000000074                . = ALIGN (0x2)
 *(.jumptables)
 *(.jumptables*)
 *(.lowtext)
 *(.lowtext*)
                0x0000000000000074                __ctors_start = .
 *(.ctors)
                0x0000000000000074                __ctors_end = .
                0x0000000000000074                __dtors_start = .
 *(.dtors)
                0x0000000000000074                __dtors_end = .
 SORT(*)(.ctors)
 SORT(*)(.dtors)
 *(.init0)
 .init0         0x0000000000000074        0x0 C:/Program Files (x86)/Atmel/Studio/7.0/Packs/atmel/ATmega_DFP/1.6.364/xc8/avr/lib/avr5/memx-const/crtatmega328p.o
                0x0000000000000074                __init
 *(.init0)
 *(.init1)
 *(.init1)
 *(.init2)
 .init2         0x0000000000000074        0xc C:/Program Files (x86)/Atmel/Studio/7.0/Packs/atmel/ATmega_DFP/1.6.364/xc8/avr/lib/avr5/memx-const/crtatmega328p.o
 *(.init2)
 *(.init3)
 *(.init3)
 *(.init4)
 .init4         0x0000000000000080       0x3c c:/program files/microchip/xc8/v2.31/avr/bin/../lib/gcc/avr/5.4.0/avr5/memx-const\libgcc.a(_copy_data.o)
                0x0000000000000080                __do_copy_data
                0x00000000000000ae                __do_clear_bss
 *(.init4)
 *(.init5)
 *(.init5)
 *(.init6)
 *(.init6)
 *(.init7)
 *(.init7)
 *(.init8)
 *(.init8)
 *(.init9)
 .init9         0x00000000000000bc        0x8 C:/Program Files (x86)/Atmel/Studio/7.0/Packs/atmel/ATmega_DFP/1.6.364/xc8/avr/lib/avr5/memx-const/crtatmega328p.o
 *(.init9)
                0x00000000000000c4                . = ALIGN (0x2)
 *(.fini9)
 .fini9         0x00000000000000c4        0x0 c:/program files/microchip/xc8/v2.31/avr/bin/../lib/gcc/avr/5.4.0/avr5/memx-const\libgcc.a(_exit.o)
                0x00000000000000c4                _exit
                0x00000000000000c4                exit
 *(.fini9)
 *(.fini8)
 *(.fini8)
 *(.fini7)
 *(.fini7)
 *(.fini6)
 *(.fini6)
 *(.fini5)
 *(.fini5)
 *(.fini4)
 *(.fini4)
 *(.fini3)
 *(.fini3)
 *(.fini2)
 *(.fini2)
 *(.fini1)
 *(.fini1)
 *(.fini0)
 .fini0         0x00000000000000c4        0x4 c:/program files/microchip/xc8/v2.31/avr/bin/../lib/gcc/avr/5.4.0/avr5/memx-const\libgcc.a(_exit.o)
 *(.fini0)
                0x00000000000000c8                _etext = .

.data           0x0000000000800100        0x0 load address 0x00000000000000c8
                [!provide]                        PROVIDE (__data_start, .)
 *(.gnu.linkonce.d*)
 *(.gnu.linkonce.r*)
                0x0000000000800100                . = ALIGN (0x2)
                0x0000000000800100                _edata = .
                [!provide]                        PROVIDE (__data_end, .)

.bss            0x0000000000800100       0x17
                [!provide]                        PROVIDE (__bss_start, .)
 *(COMMON)
 COMMON         0x0000000000800100       0x17 main.o
                0x0000000000800100                g_MotorPulses
                0x0000000000800102                g_UartTimer
                0x0000000000800104                g_Timer0
                0x0000000000800106                g_MotorTimer
                0x0000000000800108                g_PowerLEDState
                0x0000000000800109                g_MotorPulseTimer
                0x000000000080010b                g_INT0
                0x000000000080010c                g_MotorPosition
                0x000000000080010e                g_BlinkTimer
                0x0000000000800110                g_AmbientLEDState
                0x0000000000800111                g_LedState
                0x0000000000800112                g_State
                0x0000000000800113                g_Delay
                0x0000000000800115                g_ButtonPressed
                0x0000000000800116                g_RFState
                [!provide]                        PROVIDE (__bss_end, .)
                0x00000000000000c8                __data_load_start = LOADADDR (.data)
                0x00000000000000c8                __data_load_end = (__data_load_start + SIZEOF (.data))

.noinit         0x0000000000800117        0x0
                [!provide]                        PROVIDE (__noinit_start, .)
 *(.noinit*)
                [!provide]                        PROVIDE (__noinit_end, .)
                0x0000000000800117                _end = .

.eeprom         0x0000000000810000        0x0
 *(.eeprom*)
                0x0000000000810000                __eeprom_end = .

.fuse
 *(.fuse)
 *(.lfuse)
 *(.hfuse)
 *(.efuse)

.lock
 *(.lock*)

.signature
 *(.signature*)

.user_signatures
 *(.user_signatures*)

.stab
 *(.stab)

.stabstr
 *(.stabstr)

.stab.excl
 *(.stab.excl)

.stab.exclstr
 *(.stab.exclstr)

.stab.index
 *(.stab.index)

.stab.indexstr
 *(.stab.indexstr)

.comment        0x0000000000000000       0x2f
 *(.comment)
 .comment       0x0000000000000000       0x2f GPIO.o
                                         0x30 (size before relaxing)
 .comment       0x000000000000002f       0x30 inithw.o
 .comment       0x000000000000002f       0x30 Interrupts.o
 .comment       0x000000000000002f       0x30 main.o
 .comment       0x000000000000002f       0x30 Timers.o

.note.gnu.build-id
 *(.note.gnu.build-id)

.debug
 *(.debug)

.line
 *(.line)

.debug_srcinfo
 *(.debug_srcinfo)

.debug_sfnames
 *(.debug_sfnames)

.debug_aranges  0x0000000000000000      0x118
 *(.debug_aranges)
 .debug_aranges
                0x0000000000000000       0x58 GPIO.o
 .debug_aranges
                0x0000000000000058       0x30 inithw.o
 .debug_aranges
                0x0000000000000088       0x30 Interrupts.o
 .debug_aranges
                0x00000000000000b8       0x20 main.o
 .debug_aranges
                0x00000000000000d8       0x40 Timers.o

.debug_pubnames
 *(.debug_pubnames)

.debug_info     0x0000000000000000     0x17e5
 *(.debug_info .gnu.linkonce.wi.*)
 .debug_info    0x0000000000000000      0x5f4 C:/Program Files (x86)/Atmel/Studio/7.0/Packs/atmel/ATmega_DFP/1.6.364/xc8/avr/lib/avr5/memx-const/crtatmega328p.o
 .debug_info    0x00000000000005f4      0x405 GPIO.o
 .debug_info    0x00000000000009f9      0x2a2 inithw.o
 .debug_info    0x0000000000000c9b      0x41c Interrupts.o
 .debug_info    0x00000000000010b7      0x422 main.o
 .debug_info    0x00000000000014d9      0x30c Timers.o

.debug_abbrev   0x0000000000000000      0x7fd
 *(.debug_abbrev)
 .debug_abbrev  0x0000000000000000      0x5a2 C:/Program Files (x86)/Atmel/Studio/7.0/Packs/atmel/ATmega_DFP/1.6.364/xc8/avr/lib/avr5/memx-const/crtatmega328p.o
 .debug_abbrev  0x00000000000005a2       0xa9 GPIO.o
 .debug_abbrev  0x000000000000064b       0x5e inithw.o
 .debug_abbrev  0x00000000000006a9       0x6f Interrupts.o
 .debug_abbrev  0x0000000000000718       0x60 main.o
 .debug_abbrev  0x0000000000000778       0x85 Timers.o

.debug_line     0x0000000000000000      0x816
 *(.debug_line .debug_line.* .debug_line_end)
 .debug_line    0x0000000000000000      0x137 C:/Program Files (x86)/Atmel/Studio/7.0/Packs/atmel/ATmega_DFP/1.6.364/xc8/avr/lib/avr5/memx-const/crtatmega328p.o
 .debug_line    0x0000000000000137      0x1c0 GPIO.o
 .debug_line    0x00000000000002f7      0x102 inithw.o
 .debug_line    0x00000000000003f9      0x132 Interrupts.o
 .debug_line    0x000000000000052b      0x197 main.o
 .debug_line    0x00000000000006c2      0x154 Timers.o

.debug_frame    0x0000000000000000      0x32c
 *(.debug_frame)
 .debug_frame   0x0000000000000000      0x114 GPIO.o
 .debug_frame   0x0000000000000114       0x74 inithw.o
 .debug_frame   0x0000000000000188       0xbc Interrupts.o
 .debug_frame   0x0000000000000244       0x34 main.o
 .debug_frame   0x0000000000000278       0xb4 Timers.o

.debug_str      0x0000000000000000      0x211
 *(.debug_str)
 .debug_str     0x0000000000000000      0x208 C:/Program Files (x86)/Atmel/Studio/7.0/Packs/atmel/ATmega_DFP/1.6.364/xc8/avr/lib/avr5/memx-const/crtatmega328p.o
 .debug_str     0x0000000000000208        0x9 GPIO.o
 .debug_str     0x0000000000000211        0x0 inithw.o
 .debug_str     0x0000000000000211        0x0 Interrupts.o
 .debug_str     0x0000000000000211        0x0 main.o
 .debug_str     0x0000000000000211        0x0 Timers.o

.debug_loc      0x0000000000000000      0x5a0
 *(.debug_loc)
 .debug_loc     0x0000000000000000      0x20c GPIO.o
 .debug_loc     0x000000000000020c       0xb1 inithw.o
 .debug_loc     0x00000000000002bd      0x174 Interrupts.o
 .debug_loc     0x0000000000000431       0x3b main.o
 .debug_loc     0x000000000000046c      0x134 Timers.o

.debug_macinfo
 *(.debug_macinfo)

.debug_weaknames
 *(.debug_weaknames)

.debug_funcnames
 *(.debug_funcnames)

.debug_typenames
 *(.debug_typenames)

.debug_varnames
 *(.debug_varnames)

.debug_pubtypes
 *(.debug_pubtypes)

.debug_ranges   0x0000000000000000       0xc8
 *(.debug_ranges)
 .debug_ranges  0x0000000000000000       0x48 GPIO.o
 .debug_ranges  0x0000000000000048       0x20 inithw.o
 .debug_ranges  0x0000000000000068       0x20 Interrupts.o
 .debug_ranges  0x0000000000000088       0x10 main.o
 .debug_ranges  0x0000000000000098       0x30 Timers.o

.debug_macro
 *(.debug_macro)
OUTPUT(WatchWinder.elf elf32-avr)
LOAD linker stubs
LOAD data_init

.note.gnu.avr.deviceinfo
                0x0000000000000000       0x40
 .note.gnu.avr.deviceinfo
                0x0000000000000000       0x40 C:/Program Files (x86)/Atmel/Studio/7.0/Packs/atmel/ATmega_DFP/1.6.364/xc8/avr/lib/avr5/memx-const/crtatmega328p.o

.bss.g_OnTimeSec
                0x000000000080011b        0x1
 .bss.g_OnTimeSec
                0x000000000080011b        0x1 Interrupts.o
                0x000000000080011b                g_OnTimeSec

.bss.g_OnTimeMin
                0x000000000080011c        0x1
 .bss.g_OnTimeMin
                0x000000000080011c        0x1 Interrupts.o
                0x000000000080011c                g_OnTimeMin

.bss.g_OnTimeHr
                0x000000000080011d        0x1
 .bss.g_OnTimeHr
                0x000000000080011d        0x1 Interrupts.o
                0x000000000080011d                g_OnTimeHr

.bss.g_OnTimems
                0x0000000000800117        0x2
 .bss.g_OnTimems
                0x0000000000800117        0x2 Interrupts.o
                0x0000000000800117                g_OnTimems

.bss.MotorTimer
                0x0000000000800119        0x2
 .bss.MotorTimer
                0x0000000000800119        0x2 Interrupts.o
                0x0000000000800119                MotorTimer

.text.main      0x00000000000000c8      0x194
 .text.main     0x00000000000000c8      0x194 main.o
                0x00000000000000c8                main

.text.__vector_14
                0x000000000000025c      0x142
 .text.__vector_14
                0x000000000000025c      0x142 Interrupts.o
                0x000000000000025c                __vector_14

.text.InitTimer2
                0x000000000000039e       0x64
 .text.InitTimer2
                0x000000000000039e       0x64 Timers.o
                0x000000000000039e                InitTimer2

.text.setup     0x0000000000000402       0x56
 .text.setup    0x0000000000000402       0x56 inithw.o
                0x0000000000000402                setup

.text.ControlPowerLED
                0x0000000000000458       0x4c
 .text.ControlPowerLED
                0x0000000000000458       0x4c GPIO.o
                0x0000000000000458                ControlPowerLED

.text.ControlAmbientLED
                0x00000000000004a4       0x4c
 .text.ControlAmbientLED
                0x00000000000004a4       0x4c GPIO.o
                0x00000000000004a4                ControlAmbientLED

.text.ControlMotorEnable
                0x00000000000004f0       0x46
 .text.ControlMotorEnable
                0x00000000000004f0       0x46 GPIO.o
                0x00000000000004f0                ControlMotorEnable

.text.InitGPIO  0x0000000000000536       0x46
 .text.InitGPIO
                0x0000000000000536       0x46 inithw.o
                0x0000000000000536                InitGPIO

.text.__vector_7
                0x000000000000057c       0x40
 .text.__vector_7
                0x000000000000057c       0x40 Interrupts.o
                0x000000000000057c                __vector_7

.text.InitTimer0
                0x00000000000005bc       0x3a
 .text.InitTimer0
                0x00000000000005bc       0x3a Timers.o
                0x00000000000005bc                InitTimer0

.text.__vector_1
                0x00000000000005f6       0x38
 .text.__vector_1
                0x00000000000005f6       0x38 Interrupts.o
                0x00000000000005f6                __vector_1

.text.InitInt0  0x000000000000062e       0x2e
 .text.InitInt0
                0x000000000000062e       0x2e inithw.o
                0x000000000000062e                InitInt0

.text.ToggleMotorDirection
                0x000000000000065c       0x22
 .text.ToggleMotorDirection
                0x000000000000065c       0x22 GPIO.o
                0x000000000000065c                ToggleMotorDirection

.text           0x000000000000067e        0x4
 .text          0x000000000000067e        0x4 C:/Program Files (x86)/Atmel/Studio/7.0/Packs/atmel/ATmega_DFP/1.6.364/xc8/avr/lib/avr5/memx-const/crtatmega328p.o
                0x000000000000067e                __vector_22
                0x000000000000067e                __vector_24
                0x000000000000067e                __vector_12
                0x000000000000067e                __bad_interrupt
                0x000000000000067e                __vector_6
                0x000000000000067e                __vector_3
                0x000000000000067e                __vector_23
                0x000000000000067e                __vector_25
                0x000000000000067e                __vector_11
                0x000000000000067e                __vector_13
                0x000000000000067e                __vector_17
                0x000000000000067e                __vector_19
                0x000000000000067e                __vector_5
                0x000000000000067e                __vector_4
                0x000000000000067e                __vector_9
                0x000000000000067e                __vector_2
                0x000000000000067e                __vector_21
                0x000000000000067e                __vector_15
                0x000000000000067e                __vector_8
                0x000000000000067e                __vector_10
                0x000000000000067e                __vector_16
                0x000000000000067e                __vector_18
                0x000000000000067e                __vector_20

.data.gStateMachine
                0x000000000080011e        0x1 load address 0x0000000000000682
 .data.gStateMachine
                0x000000000080011e        0x1 main.o
                0x000000000080011e                gStateMachine
